[backblue.gif]
[fade.gif]
[index.html]
[minbooklibrary.orgfree.com/apple-touch-icon.png]
[minbooklibrary.orgfree.com/js/vendor/modernizr-2.8.3-respond-1.4.2.min.js]
[minbooklibrary.orgfree.com/images/users/img-01.jpg]
[minbooklibrary.orgfree.com/images/logo.png]
[minbooklibrary.orgfree.com/images/products/img-01.jpg]
[minbooklibrary.orgfree.com/images/products/img-02.jpg]
[minbooklibrary.orgfree.com/images/products/img-03.jpg]
[minbooklibrary.orgfree.com/images/img-01.png]
[minbooklibrary.orgfree.com/images/books/img-01.jpg]
[minbooklibrary.orgfree.com/images/books/img-02.jpg]
[minbooklibrary.orgfree.com/images/books/img-03.jpg]
[minbooklibrary.orgfree.com/images/books/img-04.jpg]
[minbooklibrary.orgfree.com/images/books/img-05.jpg]
[minbooklibrary.orgfree.com/images/books/img-06.jpg]
[minbooklibrary.orgfree.com/images/img-02.png]
[minbooklibrary.orgfree.com/images/books/img-07.jpg]
[minbooklibrary.orgfree.com/images/books/img-08.jpg]
[minbooklibrary.orgfree.com/images/books/img-09.jpg]
[minbooklibrary.orgfree.com/images/parallax/bgparallax-04.jpg]
[minbooklibrary.orgfree.com/images/books/img-10.jpg]
[minbooklibrary.orgfree.com/images/books/img-11.jpg]
[minbooklibrary.orgfree.com/images/books/img-12.jpg]
[minbooklibrary.orgfree.com/images/parallax/bgparallax-05.jpg]
[minbooklibrary.orgfree.com/images/author/imag-02.jpg]
[minbooklibrary.orgfree.com/images/parallax/bgparallax-06.jpg]
[minbooklibrary.orgfree.com/images/blog/img-01.jpg]
[minbooklibrary.orgfree.com/images/blog/img-02.jpg]
[minbooklibrary.orgfree.com/images/blog/img-03.jpg]
[minbooklibrary.orgfree.com/images/blog/img-04.jpg]
[minbooklibrary.orgfree.com/images/flogo.png]
[minbooklibrary.orgfree.com/images/author/imag-09.jpg]
[minbooklibrary.orgfree.com/images/author/imag-10.jpg]
[minbooklibrary.orgfree.com/images/author/imag-11.jpg]
[minbooklibrary.orgfree.com/images/paymenticon.png]
[minbooklibrary.orgfree.com/js/vendor/jquery-library.js]
[minbooklibrary.orgfree.com/js/vendor/bootstrap.min.js]
[minbooklibrary.orgfree.com/js/owl.carousel.min.js]
[minbooklibrary.orgfree.com/js/jquery.vide.min.js]
[minbooklibrary.orgfree.com/js/countdown.js]
[minbooklibrary.orgfree.com/js/jquery-ui.js]
[minbooklibrary.orgfree.com/js/parallax.js]
[minbooklibrary.orgfree.com/js/countTo.js]
[minbooklibrary.orgfree.com/js/appear.js]
[minbooklibrary.orgfree.com/js/gmap3.js]
[minbooklibrary.orgfree.com/js/main.js]
[www.freewebhostingarea.com/images/poweredby.png]
[minbooklibrary.orgfree.com/index.html]
[minbooklibrary.orgfree.com/fonts/glyphicons-halflings-regular.eot]
[minbooklibrary.orgfree.com/fonts/glyphicons-halflings-regulard41dd41d.eot]
[minbooklibrary.orgfree.com/fonts/glyphicons-halflings-regular.woff2]
[minbooklibrary.orgfree.com/fonts/glyphicons-halflings-regular.woff]
[minbooklibrary.orgfree.com/fonts/glyphicons-halflings-regular.ttf]
[minbooklibrary.orgfree.com/css/bootstrap.min.css]
[minbooklibrary.orgfree.com/css/normalize.css]
[minbooklibrary.orgfree.com/fonts/fontawesome-webfont3e6e3e6e.eot]
[minbooklibrary.orgfree.com/fonts/fontawesome-webfontd41dd41d.eot]
[minbooklibrary.orgfree.com/fonts/fontawesome-webfont3e6e3e6e.woff2]
[minbooklibrary.orgfree.com/fonts/fontawesome-webfont3e6e3e6e.woff]
[minbooklibrary.orgfree.com/fonts/fontawesome-webfont3e6e3e6e.ttf]
[minbooklibrary.orgfree.com/css/font-awesome.min.css]
[minbooklibrary.orgfree.com/css/jquery-ui.css]
[minbooklibrary.orgfree.com/images/owl.video.play.png]
[minbooklibrary.orgfree.com/css/owl.carousel.css]
[minbooklibrary.orgfree.com/css/transitions.css]
[minbooklibrary.orgfree.com/images/books/bookpattren.png]
[minbooklibrary.orgfree.com/images/comingsoon-bg.jpg]
[minbooklibrary.orgfree.com/css/main.css]
[minbooklibrary.orgfree.com/css/color.css]
[minbooklibrary.orgfree.com/css/responsive.css]
[minbooklibrary.orgfree.com/index-2.html]
[minbooklibrary.orgfree.com/images/parallax/bgparallax-07.jpg]
[minbooklibrary.orgfree.com/images/img-04.png]
[minbooklibrary.orgfree.com/images/products/img-04.jpg]
[minbooklibrary.orgfree.com/images/products/img-05.jpg]
[minbooklibrary.orgfree.com/images/products/img-06.jpg]
[minbooklibrary.orgfree.com/images/products/img-07.jpg]
[minbooklibrary.orgfree.com/images/instagram/img-01.jpg]
[minbooklibrary.orgfree.com/images/instagram/img-02.jpg]
[minbooklibrary.orgfree.com/images/instagram/img-03.jpg]
[minbooklibrary.orgfree.com/images/instagram/img-04.jpg]
[minbooklibrary.orgfree.com/images/instagram/img-05.jpg]
[minbooklibrary.orgfree.com/images/instagram/img-06.jpg]
[minbooklibrary.orgfree.com/images/instagram/img-07.jpg]
[minbooklibrary.orgfree.com/images/instagram/img-08.jpg]
[minbooklibrary.orgfree.com/images/instagram/img-09.jpg]
[minbooklibrary.orgfree.com/images/author/imag-03.jpg]
[minbooklibrary.orgfree.com/images/author/imag-04.jpg]
[minbooklibrary.orgfree.com/images/author/imag-05.jpg]
[minbooklibrary.orgfree.com/images/author/imag-06.jpg]
[minbooklibrary.orgfree.com/products.html]
[minbooklibrary.orgfree.com/indexv2.html]
[minbooklibrary.orgfree.com/indexv3.html]
[minbooklibrary.orgfree.com/images/author/imag-07.jpg]
[minbooklibrary.orgfree.com/images/author/imag-08.jpg]
[minbooklibrary.orgfree.com/images/author/imag-20.jpg]
[minbooklibrary.orgfree.com/images/author/imag-15.jpg]
[minbooklibrary.orgfree.com/images/author/imag-14.jpg]
[minbooklibrary.orgfree.com/images/author/imag-16.jpg]
[minbooklibrary.orgfree.com/images/author/imag-17.jpg]
[minbooklibrary.orgfree.com/images/author/imag-18.jpg]
[minbooklibrary.orgfree.com/images/author/imag-19.jpg]
[minbooklibrary.orgfree.com/images/author/imag-21.jpg]
[minbooklibrary.orgfree.com/images/author/imag-22.jpg]
[minbooklibrary.orgfree.com/images/author/imag-23.jpg]
[minbooklibrary.orgfree.com/authors.html]
[minbooklibrary.orgfree.com/images/author/imag-25.jpg]
[minbooklibrary.orgfree.com/authordetail.html]
[minbooklibrary.orgfree.com/images/blog/img-05.jpg]
[minbooklibrary.orgfree.com/images/blog/img-06.jpg]
[minbooklibrary.orgfree.com/images/blog/img-07.jpg]
[minbooklibrary.orgfree.com/newslist.html]
[minbooklibrary.orgfree.com/images/blog/img-08.jpg]
[minbooklibrary.orgfree.com/images/blog/img-09.jpg]
[minbooklibrary.orgfree.com/images/blog/img-10.jpg]
[minbooklibrary.orgfree.com/images/blog/img-11.jpg]
[minbooklibrary.orgfree.com/images/blog/img-12.jpg]
[minbooklibrary.orgfree.com/images/blog/img-13.jpg]
[minbooklibrary.orgfree.com/images/blog/img-14.jpg]
[minbooklibrary.orgfree.com/images/blog/img-15.jpg]
[minbooklibrary.orgfree.com/newsgrid.html]
[minbooklibrary.orgfree.com/images/img-03.jpg]
[minbooklibrary.orgfree.com/images/author/imag-26.jpg]
[minbooklibrary.orgfree.com/images/author/imag-24.jpg]
[minbooklibrary.orgfree.com/images/img-04.jpg]
[minbooklibrary.orgfree.com/images/img-05.jpg]
[minbooklibrary.orgfree.com/newsdetail.html]
[minbooklibrary.orgfree.com/contactus.html]
[minbooklibrary.orgfree.com/images/placeholder.jpg]
[minbooklibrary.orgfree.com/images/img-01.jpg]
[minbooklibrary.orgfree.com/images/team/img-01.jpg]
[minbooklibrary.orgfree.com/images/team/img-02.jpg]
[minbooklibrary.orgfree.com/images/team/img-03.jpg]
[minbooklibrary.orgfree.com/images/team/img-04.jpg]
[minbooklibrary.orgfree.com/images/team/img-05.jpg]
[minbooklibrary.orgfree.com/aboutus.html]
[minbooklibrary.orgfree.com/images/img-02.jpg]
[minbooklibrary.orgfree.com/images/placeholdervtwo.jpg]
[minbooklibrary.orgfree.com/productdetail.html]
[minbooklibrary.orgfree.com/404error.html]
[minbooklibrary.orgfree.com/images/logo-02.png]
[minbooklibrary.orgfree.com/comingsoon.html]
[minbooklibrary.orgfree.com/fonts/glyphicons-halflings-regular.svg]
[minbooklibrary.orgfree.com/fonts/fontawesome-webfont3e6e3e6e.svg]
[code.jquery.com/jquery-1.9.1.js]
[minbooklibrary.orgfree.com/images/ui-icons_444444_256x240.html]
[minbooklibrary.orgfree.com/images/ui-icons_555555_256x240.html]
[minbooklibrary.orgfree.com/images/ui-icons_ffffff_256x240.html]
[minbooklibrary.orgfree.com/images/ui-icons_777620_256x240.html]
[minbooklibrary.orgfree.com/images/ui-icons_cc0000_256x240.html]
[minbooklibrary.orgfree.com/images/ui-icons_777777_256x240.html]
[minbooklibrary.orgfree.com/css/color-purple.css]
